// Jest Snapshot v1, https://goo.gl/fbAQLP

exports[`must split at the beginning of a block 1`] = `
Array [
  Object {
    "characterList": Array [],
    "data": Object {},
    "depth": 0,
    "key": "a",
    "text": "",
    "type": "unstyled",
  },
  Object {
    "characterList": Array [
      Object {
        "entity": null,
        "style": Array [],
      },
      Object {
        "entity": null,
        "style": Array [],
      },
      Object {
        "entity": null,
        "style": Array [],
      },
      Object {
        "entity": null,
        "style": Array [],
      },
      Object {
        "entity": null,
        "style": Array [],
      },
    ],
    "data": Map {},
    "depth": 0,
    "key": "key0",
    "text": "Alpha",
    "type": "unstyled",
  },
  Object {
    "characterList": Array [
      Object {
        "entity": "2",
        "style": Array [
          "BOLD",
        ],
      },
      Object {
        "entity": "2",
        "style": Array [
          "BOLD",
        ],
      },
      Object {
        "entity": "2",
        "style": Array [
          "BOLD",
        ],
      },
      Object {
        "entity": "2",
        "style": Array [
          "BOLD",
        ],
      },
      Object {
        "entity": "2",
        "style": Array [
          "BOLD",
        ],
      },
    ],
    "data": Object {},
    "depth": 0,
    "key": "b",
    "text": "Bravo",
    "type": "unordered-list-item",
  },
  Object {
    "characterList": Array [
      Object {
        "entity": null,
        "style": Array [],
      },
      Object {
        "entity": null,
        "style": Array [],
      },
      Object {
        "entity": null,
        "style": Array [],
      },
      Object {
        "entity": null,
        "style": Array [],
      },
    ],
    "data": Object {},
    "depth": 0,
    "key": "c",
    "text": "Test",
    "type": "code-block",
  },
  Object {
    "characterList": Array [],
    "data": Object {},
    "depth": 0,
    "key": "d",
    "text": "",
    "type": "code-block",
  },
  Object {
    "characterList": Array [],
    "data": Object {},
    "depth": 0,
    "key": "e",
    "text": "",
    "type": "code-block",
  },
  Object {
    "characterList": Array [
      Object {
        "entity": null,
        "style": Array [
          "ITALIC",
        ],
      },
      Object {
        "entity": null,
        "style": Array [
          "ITALIC",
        ],
      },
      Object {
        "entity": null,
        "style": Array [
          "ITALIC",
        ],
      },
      Object {
        "entity": null,
        "style": Array [
          "ITALIC",
        ],
      },
      Object {
        "entity": null,
        "style": Array [
          "ITALIC",
        ],
      },
      Object {
        "entity": null,
        "style": Array [
          "ITALIC",
        ],
      },
      Object {
        "entity": null,
        "style": Array [
          "ITALIC",
        ],
      },
    ],
    "data": Object {},
    "depth": 0,
    "key": "f",
    "text": "Charlie",
    "type": "blockquote",
  },
]
`;

exports[`must split at the end of a block 1`] = `
Array [
  Object {
    "characterList": Array [
      Object {
        "entity": null,
        "style": Array [],
      },
      Object {
        "entity": null,
        "style": Array [],
      },
      Object {
        "entity": null,
        "style": Array [],
      },
      Object {
        "entity": null,
        "style": Array [],
      },
      Object {
        "entity": null,
        "style": Array [],
      },
    ],
    "data": Object {},
    "depth": 0,
    "key": "a",
    "text": "Alpha",
    "type": "unstyled",
  },
  Object {
    "characterList": Array [],
    "data": Map {},
    "depth": 0,
    "key": "key0",
    "text": "",
    "type": "unstyled",
  },
  Object {
    "characterList": Array [
      Object {
        "entity": "2",
        "style": Array [
          "BOLD",
        ],
      },
      Object {
        "entity": "2",
        "style": Array [
          "BOLD",
        ],
      },
      Object {
        "entity": "2",
        "style": Array [
          "BOLD",
        ],
      },
      Object {
        "entity": "2",
        "style": Array [
          "BOLD",
        ],
      },
      Object {
        "entity": "2",
        "style": Array [
          "BOLD",
        ],
      },
    ],
    "data": Object {},
    "depth": 0,
    "key": "b",
    "text": "Bravo",
    "type": "unordered-list-item",
  },
  Object {
    "characterList": Array [
      Object {
        "entity": null,
        "style": Array [],
      },
      Object {
        "entity": null,
        "style": Array [],
      },
      Object {
        "entity": null,
        "style": Array [],
      },
      Object {
        "entity": null,
        "style": Array [],
      },
    ],
    "data": Object {},
    "depth": 0,
    "key": "c",
    "text": "Test",
    "type": "code-block",
  },
  Object {
    "characterList": Array [],
    "data": Object {},
    "depth": 0,
    "key": "d",
    "text": "",
    "type": "code-block",
  },
  Object {
    "characterList": Array [],
    "data": Object {},
    "depth": 0,
    "key": "e",
    "text": "",
    "type": "code-block",
  },
  Object {
    "characterList": Array [
      Object {
        "entity": null,
        "style": Array [
          "ITALIC",
        ],
      },
      Object {
        "entity": null,
        "style": Array [
          "ITALIC",
        ],
      },
      Object {
        "entity": null,
        "style": Array [
          "ITALIC",
        ],
      },
      Object {
        "entity": null,
        "style": Array [
          "ITALIC",
        ],
      },
      Object {
        "entity": null,
        "style": Array [
          "ITALIC",
        ],
      },
      Object {
        "entity": null,
        "style": Array [
          "ITALIC",
        ],
      },
      Object {
        "entity": null,
        "style": Array [
          "ITALIC",
        ],
      },
    ],
    "data": Object {},
    "depth": 0,
    "key": "f",
    "text": "Charlie",
    "type": "blockquote",
  },
]
`;

exports[`must split within a block 1`] = `
Array [
  Object {
    "characterList": Array [
      Object {
        "entity": null,
        "style": Array [],
      },
      Object {
        "entity": null,
        "style": Array [],
      },
      Object {
        "entity": null,
        "style": Array [],
      },
    ],
    "data": Object {},
    "depth": 0,
    "key": "a",
    "text": "Alp",
    "type": "unstyled",
  },
  Object {
    "characterList": Array [
      Object {
        "entity": null,
        "style": Array [],
      },
      Object {
        "entity": null,
        "style": Array [],
      },
    ],
    "data": Map {},
    "depth": 0,
    "key": "key0",
    "text": "ha",
    "type": "unstyled",
  },
  Object {
    "characterList": Array [
      Object {
        "entity": "2",
        "style": Array [
          "BOLD",
        ],
      },
      Object {
        "entity": "2",
        "style": Array [
          "BOLD",
        ],
      },
      Object {
        "entity": "2",
        "style": Array [
          "BOLD",
        ],
      },
      Object {
        "entity": "2",
        "style": Array [
          "BOLD",
        ],
      },
      Object {
        "entity": "2",
        "style": Array [
          "BOLD",
        ],
      },
    ],
    "data": Object {},
    "depth": 0,
    "key": "b",
    "text": "Bravo",
    "type": "unordered-list-item",
  },
  Object {
    "characterList": Array [
      Object {
        "entity": null,
        "style": Array [],
      },
      Object {
        "entity": null,
        "style": Array [],
      },
      Object {
        "entity": null,
        "style": Array [],
      },
      Object {
        "entity": null,
        "style": Array [],
      },
    ],
    "data": Object {},
    "depth": 0,
    "key": "c",
    "text": "Test",
    "type": "code-block",
  },
  Object {
    "characterList": Array [],
    "data": Object {},
    "depth": 0,
    "key": "d",
    "text": "",
    "type": "code-block",
  },
  Object {
    "characterList": Array [],
    "data": Object {},
    "depth": 0,
    "key": "e",
    "text": "",
    "type": "code-block",
  },
  Object {
    "characterList": Array [
      Object {
        "entity": null,
        "style": Array [
          "ITALIC",
        ],
      },
      Object {
        "entity": null,
        "style": Array [
          "ITALIC",
        ],
      },
      Object {
        "entity": null,
        "style": Array [
          "ITALIC",
        ],
      },
      Object {
        "entity": null,
        "style": Array [
          "ITALIC",
        ],
      },
      Object {
        "entity": null,
        "style": Array [
          "ITALIC",
        ],
      },
      Object {
        "entity": null,
        "style": Array [
          "ITALIC",
        ],
      },
      Object {
        "entity": null,
        "style": Array [
          "ITALIC",
        ],
      },
    ],
    "data": Object {},
    "depth": 0,
    "key": "f",
    "text": "Charlie",
    "type": "blockquote",
  },
]
`;
